


ARM Macro Assembler    Page 1 


    1 00000000         ;/**HEADER**********************************************
                       **********************
    2 00000000         ;* 
    3 00000000         ;* Copyright (c) 2012 Freescale Semiconductor;   
    4 00000000         ;* All Rights Reserved
    5 00000000         ;*
    6 00000000         ;*******************************************************
                       ******************** 
    7 00000000         ;*
    8 00000000         ;* THIS SOFTWARE IS PROVIDED BY FREESCALE "AS IS" AND AN
                       Y EXPRESSED OR 
    9 00000000         ;* IMPLIED WARRANTIES, INCLUDING, BUT NOT LIMITED TO, TH
                       E IMPLIED WARRANTIES 
   10 00000000         ;* OF MERCHANTABILITY AND FITNESS FOR A PARTICULAR PURPO
                       SE ARE DISCLAIMED.  
   11 00000000         ;* IN NO EVENT SHALL FREESCALE OR ITS CONTRIBUTORS BE LI
                       ABLE FOR ANY DIRECT, 
   12 00000000         ;* INDIRECT, INCIDENTAL, SPECIAL, EXEMPLARY, OR CONSEQUE
                       NTIAL DAMAGES 
   13 00000000         ;* (INCLUDING, BUT NOT LIMITED TO, PROCUREMENT OF SUBSTI
                       TUTE GOODS OR 
   14 00000000         ;* SERVICES; LOSS OF USE, DATA, OR PROFITS; OR BUSINESS 
                       INTERRUPTION) 
   15 00000000         ;* HOWEVER CAUSED AND ON ANY THEORY OF LIABILITY, WHETHE
                       R IN CONTRACT, 
   16 00000000         ;* STRICT LIABILITY, OR TORT (INCLUDING NEGLIGENCE OR OT
                       HERWISE) ARISING 
   17 00000000         ;* IN ANY WAY OUT OF THE USE OF THIS SOFTWARE, EVEN IF A
                       DVISED OF 
   18 00000000         ;* THE POSSIBILITY OF SUCH DAMAGE.
   19 00000000         ;*
   20 00000000         ;*******************************************************
                       *******************
   21 00000000         ;*
   22 00000000         ;* $FileName: linker_symbols.s$
   23 00000000         ;* $Version : 3.8.1.0$
   24 00000000         ;* $Date    : Oct-1-2012$
   25 00000000         ;*
   26 00000000         ;* Comments:
   27 00000000         ;*
   28 00000000         ;*END***************************************************
                       *********************/
   29 00000000         
   30 00000000                 AREA             BOOT_STACK, DATA, ALIGN=4, READ
WRITE
   31 00000000                 EXPORT           __BOOT_STACK_ADDRESS
   32 00000000         __BOOT_STACK_ADDRESS
   33 00000000 00000000        DCD              0
   34 00000004         
   35 00000004                 END
Command Line: --debug --xref --cpu=Cortex-M4 --apcs=interwork --depend=.\kineti
s_k_100mhz\linker_symbols.d -o.\kinetis_k_100mhz\linker_symbols.o -IC:\Keil_ARM
4\ARM\RV31\INC -IC:\Keil_ARM4\ARM\CMSIS\Include -IC:\Keil_ARM4\ARM\Inc\Freescal
e\K60 --list=.\kinetis_k_100mhz\linker_symbols.lst linker_symbols.s



ARM Macro Assembler    Page 1 Alphabetic symbol ordering
Relocatable symbols

BOOT_STACK 00000000

Symbol: BOOT_STACK
   Definitions
      At line 30 in file linker_symbols.s
   Uses
      None
Comment: BOOT_STACK unused
__BOOT_STACK_ADDRESS 00000000

Symbol: __BOOT_STACK_ADDRESS
   Definitions
      At line 32 in file linker_symbols.s
   Uses
      At line 31 in file linker_symbols.s
Comment: __BOOT_STACK_ADDRESS used once
2 symbols
332 symbols in table
